SOW_SHA256
40c1b32b3c2f070572c43ccfe7990007704ac6d57d214872d358606feb8c4157  /srv/qr-agents/qr-studio/home/QR-Code-Generator/docs/program/handoffs/qr-studio-level2-production-image-fit-ui-shortlink-2026-08-09.md
BASELINE
c5ec76dcd0263a8d5fbbdc26444adf3d3822a607
INSTALL
Scope: all 8 workspace projects
Lockfile is up to date, resolution step is skipped
Already up to date

Done in 2s
QR_CORE_BUILD

> @qr/qr-core@0.1.0 build /srv/qr-agents/qr-studio/home/worktrees/level2-production-image-fit-ui-shortlink/packages/qr-core
> node -e "require('fs').rmSync('dist',{recursive:true,force:true})" && tsc

ARTISTIC_QR_BUILD

> @qr/artistic-qr@0.1.0 build /srv/qr-agents/qr-studio/home/worktrees/level2-production-image-fit-ui-shortlink/packages/artistic-qr
> node -e "require('fs').rmSync('dist',{recursive:true,force:true})" && tsc

WEB_TEST

> @qr/web@0.1.0 test /srv/qr-agents/qr-studio/home/worktrees/level2-production-image-fit-ui-shortlink/apps/web
> vitest run


 RUN  v3.2.6 /srv/qr-agents/qr-studio/home/worktrees/level2-production-image-fit-ui-shortlink/apps/web

 ✓ src/lib/creatorSignature.test.ts (30 tests) 48ms
 ✓ src/components/ExportPanel.test.tsx (12 tests) 1114ms
stderr | src/components/CandidateBoard.test.tsx > CandidateBoard > updates art direction prompt on successful refinement
Warning: The current testing environment is not configured to support act(...)

stderr | src/components/CandidateBoard.test.tsx > CandidateBoard > updates art direction prompt on successful refinement
Warning: The current testing environment is not configured to support act(...)
Warning: The current testing environment is not configured to support act(...)

 ✓ src/components/CandidateBoard.test.tsx (13 tests) 728ms
 ✓ src/lib/studioGenerationRequest.test.ts (13 tests) 264ms
 ✓ src/store.test.ts (12 tests) 17ms
 ✓ src/components/ArtDirectionPanel.test.tsx (3 tests) 3486ms
   ✓ ArtDirectionPanel B18 controls > combines twelve solids and ten patterns in Body Color and offers Match body plus twelve corner colors  3164ms
   ✓ ArtDirectionPanel B18 controls > uses QR-side accessible controls and maps solid intensity plus QR prominence into art direction  310ms
 ✓ src/App.test.tsx (18 tests) 7336ms
   ✓ App integration > isolates the contract-backed Level 2 fixture and presents truthful controlled evidence  544ms
   ✓ App integration > uses the QR-Style Creator Signature card as the default Level 1 editor and preserves two independent lines  1289ms
   ✓ App integration > uses one shared style toolbar for two independently editable lines on the space-efficient concept route  527ms
   ✓ App integration > renders the independent icon-first Creator Signature concept only on its child route  555ms
   ✓ App integration > toggles between Basic QR settings and Creator Signature settings while keeping one shared QR canvas  417ms
   ✓ App integration > uses one icon-only five-position Creator Signature radio row  305ms
   ✓ App integration > edits exactly two independently styled Creator Signature lines with fixed offset choices  832ms
   ✓ App integration > uses accessible Core-backed Body Color, Corner Color, Style, Corners, and Eyes choices  1132ms
   ✓ App integration > keeps public typing draft-only while internal entitlement can live-update  704ms
 ✓ src/components/CheckoutPanel.test.tsx (6 tests) 1776ms
   ✓ CheckoutPanel > runs $12 test checkout through pending to authoritative paid unlock  580ms
   ✓ CheckoutPanel > grants exactly +8 candidates and +1 artwork for the $5 add-on  763ms
 ✓ src/accessibility.test.tsx (4 tests) 580ms
   ✓ Accessibility — Print Preview Modal > sets focus on the Close button when opened  381ms
 ✓ src/components/PayloadInput.test.tsx (5 tests) 1024ms
 ✓ src/lib/commerceClient.test.ts (4 tests) 779ms
 ✓ src/lib/exportFormats.test.ts (2 tests) 17ms
 ✓ src/components/RecoveryPanel.test.tsx (3 tests) 2963ms
   ✓ RecoveryPanel > recovers paid guest access and rotates the one-time code  809ms
   ✓ RecoveryPanel > rejects invalid, expired, and replayed recovery capabilities  1982ms
 ✓ src/components/QRPreview.test.tsx (3 tests) 99ms

 Test Files  14 passed (14)
      Tests  128 passed (128)
   Start at  10:42:45
   Duration  17.50s (transform 1.48s, setup 5.02s, collect 3.69s, tests 20.23s, environment 12.04s, prepare 2.41s)

SHORT_LINK_TEST
TAP version 13
# Subtest: reserves multiple optimizer payloads, commits exactly one, and expires every unused slug
ok 1 - reserves multiple optimizer payloads, commits exactly one, and expires every unused slug
  ---
  duration_ms: 6.283108
  ...
# Subtest: blocks unsafe destinations and fails closed if a stored target becomes unsafe
ok 2 - blocks unsafe destinations and fails closed if a stored target becomes unsafe
  ---
  duration_ms: 0.862797
  ...
# Subtest: production runtime redirects one committed slug and fails safely for unknown/disabled slugs
ok 3 - production runtime redirects one committed slug and fails safely for unknown/disabled slugs
  ---
  duration_ms: 360.185983
  ...
# Subtest: committed-record loading rejects unsafe targets before the runtime starts
ok 4 - committed-record loading rejects unsafe targets before the runtime starts
  ---
  duration_ms: 0.810038
  ...
1..4
# tests 4
# suites 0
# pass 4
# fail 0
# cancelled 0
# skipped 0
# todo 0
# duration_ms 743.964656
WEB_BUILD

> @qr/web@0.1.0 build /srv/qr-agents/qr-studio/home/worktrees/level2-production-image-fit-ui-shortlink/apps/web
> tsc && vite build

vite v6.4.3 building for production...
transforming...
✓ 132 modules transformed.
rendering chunks...
computing gzip size...
dist/index.html                                                0.43 kB │ gzip:   0.30 kB
dist/assets/icon-eye-frame-d-frame-r8G2irT-.svg                4.51 kB │ gzip:   0.46 kB
dist/assets/icon-eye-frame-leaf-frame-Df2t5M-N.svg             4.64 kB │ gzip:   0.44 kB
dist/assets/icon-eye-frame-hex-CLqh2H6M.svg                    4.74 kB │ gzip:   0.44 kB
dist/assets/icon-eye-frame-inset-leaf-frame-BQeTsYzU.svg       4.91 kB │ gzip:   0.46 kB
dist/assets/icon-eye-frame-diamond-C8cIeFz9.svg                4.91 kB │ gzip:   0.48 kB
dist/assets/icon-eye-frame-opposing-leaf-frame-C_8ktXhk.svg    5.04 kB │ gzip:   0.47 kB
dist/assets/index-DooDXV9Y.css                                38.02 kB │ gzip:   7.28 kB
dist/assets/index-CyKjjLN5.js                                348.74 kB │ gzip: 100.49 kB │ map: 945.56 kB
✓ built in 3.58s
WEB_LINT

> @qr/web@0.1.0 lint /srv/qr-agents/qr-studio/home/worktrees/level2-production-image-fit-ui-shortlink/apps/web
> eslint . --ext ts,tsx --report-unused-disable-directives --max-warnings 0

WEB_E2E

> @qr/web@0.1.0 test:e2e /srv/qr-agents/qr-studio/home/worktrees/level2-production-image-fit-ui-shortlink/apps/web
> FONTCONFIG_FILE=${PLAYWRIGHT_FONTCONFIG_FILE:-$HOME/.cache/ms-playwright/local-fonts.conf} LD_LIBRARY_PATH=${PLAYWRIGHT_LD_LIBRARY_PATH:-$HOME/.cache/ms-playwright/local-libs/usr/lib/x86_64-linux-gnu} playwright test "level2-image-fit-spike.spec.ts"


Running 1 test using 1 worker

[1/1] [chromium-desktop] › e2e/level2-image-fit-spike.spec.ts:9:1 › proves contract-backed fixture preview and fail-closed invalidation without export authority
  1 passed (4.0s)
DIFF_CHECK
ALL_REQUIRED_GATES_OK
PORT_4173_CLOSED
